../Core/Src/main.c:81:6:HAL_I2S_TxHalfCpltCallback	16	static
../Core/Src/main.c:87:6:HAL_I2S_TxCpltCallback	16	static
../Core/Src/main.c:93:6:GetNextBuffer	16	static
../Core/Src/main.c:106:6:Run	16	static
../Core/Src/main.c:138:5:__io_putchar	16	static
../Core/Src/main.c:151:5:main	8	static
../Core/Src/main.c:196:6:SystemClock_Config	88	static
../Core/Src/main.c:245:13:MX_ADC1_Init	24	static
../Core/Src/main.c:297:13:MX_I2S2_Init	8	static
../Core/Src/main.c:331:13:MX_USART2_UART_Init	8	static
../Core/Src/main.c:362:13:MX_DMA_Init	16	static
../Core/Src/main.c:380:13:MX_GPIO_Init	48	static
../Core/Src/main.c:428:6:Error_Handler	4	static,ignoring_inline_asm
