../Core/Src/main.c:78:5:main	8	static
../Core/Src/main.c:133:6:SystemClock_Config	88	static
../Core/Src/main.c:186:13:MX_ADC1_Init	24	static
../Core/Src/main.c:238:13:MX_DAC_Init	16	static
../Core/Src/main.c:278:13:MX_TIM6_Init	24	static
../Core/Src/main.c:316:13:MX_USB_OTG_FS_PCD_Init	8	static
../Core/Src/main.c:352:13:MX_USB_OTG_HS_PCD_Init	8	static
../Core/Src/main.c:387:13:MX_GPIO_Init	40	static
../Core/Src/main.c:427:6:MPU_Config	24	static
../Core/Src/main.c:458:6:Error_Handler	4	static,ignoring_inline_asm
