18:13:20 **** Incremental Build of configuration Debug for project ECE445-V2 ****
make -j20 all 
arm-none-eabi-gcc "../Core/Src/main.c" -mcpu=cortex-m4 -std=gnu11 -g3 -DDEBUG -DUSE_HAL_DRIVER -DSTM32F401xE -c -I../Core/Inc -I../Drivers/STM32F4xx_HAL_Driver/Inc -I../Drivers/STM32F4xx_HAL_Driver/Inc/Legacy -I../Drivers/CMSIS/Device/ST/STM32F4xx/Include -I../Drivers/CMSIS/Include -I../USB_HOST/App -I../USB_HOST/Target -I../Middlewares/ST/STM32_USB_Host_Library/Core/Inc -I../Middlewares/ST/STM32_USB_Host_Library/Class/AUDIO/Inc -I../Drivers/USBH_midi_class/Inc -O0 -ffunction-sections -fdata-sections -Wall -fstack-usage -fcyclomatic-complexity -MMD -MP -MF"Core/Src/main.d" -MT"Core/Src/main.o" --specs=nano.specs -mfpu=fpv4-sp-d16 -mfloat-abi=hard -mthumb -o "Core/Src/main.o"
arm-none-eabi-g++ -o "ECE445-V2.elf" @"objects.list"   -mcpu=cortex-m4 -T"C:\Users\joels\OneDrive\Desktop\String-Drum-Synthesizer\Programs\ECE445-V2\STM32F401RETX_FLASH.ld" --specs=nosys.specs -Wl,-Map="ECE445-V2.map" -Wl,--gc-sections -static --specs=nano.specs -mfpu=fpv4-sp-d16 -mfloat-abi=hard -mthumb -Wl,--start-group -lc -lm -lstdc++ -lsupc++ -Wl,--end-group
Finished building target: ECE445-V2.elf
 
arm-none-eabi-size  ECE445-V2.elf 
arm-none-eabi-objdump -h -S ECE445-V2.elf  > "ECE445-V2.list"
   text	   data	    bss	    dec	    hex	filename
  44160	    140	   4988	  49288	   c088	ECE445-V2.elf
Finished building: default.size.stdout
 
Finished building: ECE445-V2.list
 

18:13:23 Build Finished. 0 errors, 0 warnings. (took 3s.47ms)

